// Jest Snapshot v1, https://goo.gl/fbAQLP

exports[`SNSShare renders correctly 1`] = `
<div
  className="snsshare"
>
  <li>
    <div
      className="fb-share-button"
      data-href="https://tadashi0713.com/sample"
      data-layout="button_count"
      data-size="small"
    />
  </li>
  <li>
    <a
      className="twitter-share-button"
      data-show-count="false"
      data-text="Sample"
      data-url="https://tadashi0713.com/sample"
      href="https://twitter.com/share?ref_src=twsrc%5Etfw"
    >
      Tweet
    </a>
  </li>
  <li>
    <script
      src="https://platform.linkedin.com/in.js"
      type="text/javascript"
    >
      lang: ja_JP
    </script>
    <script
      data-url="https://tadashi0713.com/sample"
      type="IN/Share"
    />
  </li>
  <li>
    <a
      className="hatena-bookmark-button"
      data-hatena-bookmark-height="20"
      data-hatena-bookmark-lang="ja"
      data-hatena-bookmark-layout="basic-counter"
      href="https://b.hatena.ne.jp/entry/s/tadashi0713.com/sample"
      title="このエントリーをはてなブックマークに追加"
    >
      <img
        alt="このエントリーをはてなブックマークに追加"
        height="20"
        src="https://b.st-hatena.com/images/v4/public/entry-button/button-only@2x.png"
        style={
          Object {
            "border": "none",
          }
        }
        width="20"
      />
    </a>
  </li>
</div>
`;
