// Jest Snapshot v1, https://goo.gl/fbAQLP

exports[`TagTemplate renders correctly 1`] = `
<div
  className="layout"
>
  <StaticQuery
    render={[Function]}
  />
  <div
    className="page"
  >
    <div
      className="page__inner"
    >
      <h1
        className="page__title"
      >
        test
      </h1>
      <div
        className="page__body"
      >
        <div
          className="feed"
        >
          <div
            className="feed__item"
          >
            <div
              className="feed__item-meta"
            >
              <time
                className="feed__item-meta-time"
                dateTime="September 1, 2016"
              >
                September 2016
              </time>
              <span
                className="feed__item-meta-divider"
              />
              <span
                className="feed__item-meta-category"
              >
                <Link
                  className="feed__item-meta-category-link"
                  to="/test"
                >
                  test
                </Link>
              </span>
            </div>
            <h2
              className="feed__item-title"
            >
              <Link
                className="feed__item-title-link"
                to="/test_0"
              >
                test_0
              </Link>
            </h2>
            <Link
              to="/test_0"
            >
              <StaticQuery
                render={[Function]}
              />
            </Link>
            <p
              className="feed__item-description"
            >
              test_0
            </p>
            <div
              className="tags"
            >
              <ul
                className="tags__list"
              >
                <li
                  className="tags__list-item"
                >
                  <Link
                    className="tags__list-item-link"
                    to="/test_0"
                  >
                    test_0
                  </Link>
                </li>
              </ul>
            </div>
            <div
              className="snsshare"
            >
              <li>
                <div
                  className="fb-share-button"
                  data-href="https://tadashi0713.com//test_0"
                  data-layout="button_count"
                  data-size="small"
                />
              </li>
              <li>
                <a
                  className="twitter-share-button"
                  data-show-count="false"
                  data-text="test_0"
                  data-url="https://tadashi0713.com//test_0"
                  href="https://twitter.com/share?ref_src=twsrc%5Etfw"
                >
                  Tweet
                </a>
              </li>
              <li>
                <script
                  src="https://platform.linkedin.com/in.js"
                  type="text/javascript"
                >
                  lang: ja_JP
                </script>
                <script
                  data-url="https://tadashi0713.com//test_0"
                  type="IN/Share"
                />
              </li>
              <li>
                <a
                  className="hatena-bookmark-button"
                  data-hatena-bookmark-height="20"
                  data-hatena-bookmark-lang="ja"
                  data-hatena-bookmark-layout="basic-counter"
                  href="https://b.hatena.ne.jp/entry/s/tadashi0713.com//test_0"
                  title="このエントリーをはてなブックマークに追加"
                >
                  <img
                    alt="このエントリーをはてなブックマークに追加"
                    height="20"
                    src="https://b.st-hatena.com/images/v4/public/entry-button/button-only@2x.png"
                    style={
                      Object {
                        "border": "none",
                      }
                    }
                    width="20"
                  />
                </a>
              </li>
            </div>
            <Link
              className="feed__item-readmore"
              to="/test_0"
            >
              Read
            </Link>
          </div>
          <div
            className="feed__item"
          >
            <div
              className="feed__item-meta"
            >
              <time
                className="feed__item-meta-time"
                dateTime="September 1, 2016"
              >
                September 2016
              </time>
              <span
                className="feed__item-meta-divider"
              />
              <span
                className="feed__item-meta-category"
              >
                <Link
                  className="feed__item-meta-category-link"
                  to="/test"
                >
                  test
                </Link>
              </span>
            </div>
            <h2
              className="feed__item-title"
            >
              <Link
                className="feed__item-title-link"
                to="/test_1"
              >
                test_1
              </Link>
            </h2>
            <Link
              to="/test_1"
            >
              <StaticQuery
                render={[Function]}
              />
            </Link>
            <p
              className="feed__item-description"
            >
              test_1
            </p>
            <div
              className="tags"
            >
              <ul
                className="tags__list"
              >
                <li
                  className="tags__list-item"
                >
                  <Link
                    className="tags__list-item-link"
                    to="/test_1"
                  >
                    test_1
                  </Link>
                </li>
              </ul>
            </div>
            <div
              className="snsshare"
            >
              <li>
                <div
                  className="fb-share-button"
                  data-href="https://tadashi0713.com//test_1"
                  data-layout="button_count"
                  data-size="small"
                />
              </li>
              <li>
                <a
                  className="twitter-share-button"
                  data-show-count="false"
                  data-text="test_1"
                  data-url="https://tadashi0713.com//test_1"
                  href="https://twitter.com/share?ref_src=twsrc%5Etfw"
                >
                  Tweet
                </a>
              </li>
              <li>
                <script
                  src="https://platform.linkedin.com/in.js"
                  type="text/javascript"
                >
                  lang: ja_JP
                </script>
                <script
                  data-url="https://tadashi0713.com//test_1"
                  type="IN/Share"
                />
              </li>
              <li>
                <a
                  className="hatena-bookmark-button"
                  data-hatena-bookmark-height="20"
                  data-hatena-bookmark-lang="ja"
                  data-hatena-bookmark-layout="basic-counter"
                  href="https://b.hatena.ne.jp/entry/s/tadashi0713.com//test_1"
                  title="このエントリーをはてなブックマークに追加"
                >
                  <img
                    alt="このエントリーをはてなブックマークに追加"
                    height="20"
                    src="https://b.st-hatena.com/images/v4/public/entry-button/button-only@2x.png"
                    style={
                      Object {
                        "border": "none",
                      }
                    }
                    width="20"
                  />
                </a>
              </li>
            </div>
            <Link
              className="feed__item-readmore"
              to="/test_1"
            >
              Read
            </Link>
          </div>
        </div>
        <div
          className="pagination"
        >
          <div
            className="pagination__prev"
          >
            <Link
              className="pagination__prev-link"
              rel="prev"
              to="/page/1"
            >
              ← PREV
            </Link>
          </div>
          <div
            className="pagination__next"
          >
            <Link
              className="pagination__next-link"
              rel="next"
              to="/page/3"
            >
              → NEXT
            </Link>
          </div>
        </div>
      </div>
    </div>
  </div>
</div>
`;
