// Jest Snapshot v1, https://goo.gl/fbAQLP

exports[`Post renders correctly 1`] = `
<div
  className="post"
>
  <Link
    className="post__home-button"
    to="/"
  >
    All Articles
  </Link>
  <div
    className="post__content"
  >
    <div
      className="content"
    >
      <h1
        className="content__title"
      >
        test
      </h1>
      <div
        className="content__body"
        dangerouslySetInnerHTML={
          Object {
            "__html": "<p>test</p>",
          }
        }
      />
    </div>
  </div>
  <div
    className="post__footer"
  >
    <div
      className="snsshare"
    >
      <li>
        <div
          className="fb-share-button"
          data-href="https://tadashi0713.com/undefined"
          data-layout="button_count"
          data-size="small"
        />
      </li>
      <li>
        <a
          className="twitter-share-button"
          data-show-count="false"
          data-text="test"
          data-url="https://tadashi0713.com/undefined"
          href="https://twitter.com/share?ref_src=twsrc%5Etfw"
        >
          Tweet
        </a>
      </li>
      <li>
        <script
          src="https://platform.linkedin.com/in.js"
          type="text/javascript"
        >
          lang: ja_JP
        </script>
        <script
          data-url="https://tadashi0713.com/undefined"
          type="IN/Share"
        />
      </li>
      <li>
        <a
          className="hatena-bookmark-button"
          data-hatena-bookmark-height="20"
          data-hatena-bookmark-lang="ja"
          data-hatena-bookmark-layout="basic-counter"
          href="https://b.hatena.ne.jp/entry/s/tadashi0713.com/undefined"
          title="このエントリーをはてなブックマークに追加"
        >
          <img
            alt="このエントリーをはてなブックマークに追加"
            height="20"
            src="https://b.st-hatena.com/images/v4/public/entry-button/button-only@2x.png"
            style={
              Object {
                "border": "none",
              }
            }
            width="20"
          />
        </a>
      </li>
    </div>
    <div
      className="meta"
    >
      <p
        className="meta__date"
      >
        Published 
        1 Sep 2016
      </p>
    </div>
    <div
      className="tags"
    >
      <ul
        className="tags__list"
      >
        <li
          className="tags__list-item"
        >
          <Link
            className="tags__list-item-link"
            to="/test_0"
          >
            test_0
          </Link>
        </li>
        <li
          className="tags__list-item"
        >
          <Link
            className="tags__list-item-link"
            to="/test_1"
          >
            test_1
          </Link>
        </li>
      </ul>
    </div>
    <StaticQuery
      render={[Function]}
    />
  </div>
  <div
    className="post__comments"
  >
    <StaticQuery
      render={[Function]}
    />
  </div>
</div>
`;
